---
source: tests/tui.rs
assertion_line: 562
expression: "screen(&mut app, 100, 30).backend()"
---
" outlay · 3 on · 1 off                                                                   no changes "
"┌ layout ──────────────────────────────────────────────────────────┐┌ 3 eDP-1 ─────────────────────┐"
"│                                                                  ││ AUO B156HAN12.H              │"
"│                                                                  ││ mode  1920x1080@165.01       │"
"│                                                                  ││ pos   2240,1440              │"
"│                                                                  ││ rot   normal                 │"
"│                                                                  ││ link  below 2 DP-1-2, centre │"
"│                                                                  ││ size  344x193 mm · 142 dpi   │"
"│ ┌╌╌╌╌╌╌╌╌╌╌╌╌╌╌╌╌╌╌┬╌╌╌╌╌╌╌╌╌╌╌╌╌╌╌╌╌╌┮━━━━━━━━━━━━━━━━━━━━━━━━┓ ││                              │"
"│ ╎                  ╎                  ╎                        ┃ ││                              │"
"│ ╎    1 HDMI-1-0    ╎     3 eDP-1      ╎       2 DP-1-2 ★       ┃ ││                              │"
"│ ╎                  ╎                  ╎      DELL U2719D       ┃ ││                              │"
"│ ╎                  ╎                  ╎    2560x1440@143.91    ┃ ││                              │"
"│ └╌╌╌╌╌╌╌╌╌╌╌╌╌╌╌╌╌╌┴╌╌╌╌╌╌╌╌╌╌╌╌╌╌╌╌╌╌┧                        ┃ ││                              │"
"│                                       ┃                        ┃ ││                              │"
"│                                       ┗━━┳━━━━━━━━━▴━━━━━━━━┳━━┛ ││                              │"
"│                                          ┃     3 eDP-1      ┃    ││                              │"
"│                                          ┃ AUO B156HAN12.H  ┃    ││                              │"
"│                                          ┃ 1920x1080@165.01 ┃    ││                              │"
"│                                          ┃                  ┃    ││                              │"
"│                                          ┗━━━━━━━━━━━━━━━━━━┛    ││                              │"
"│                                                                  ││                              │"
"│                                                                  ││                              │"
"│                                                                  ││                              │"
"│                                                                  ││                              │"
"│                                                                  │├ off ─────────────────────────┤"
"│                                                                  ││ 4 DP-1-3    LG HDR 4K        │"
"└──────────────────────────────────────────────────────────────────┘└──────────────────────────────┘"
" Stick 3 eDP-1 left-of 2 DP-1-2, top                                                      step 10px "
" hjkl side · = mirror · Tab align · ⏎ stick · ⌫ back · Esc cancel                                   "
