---
source: tests/tui.rs
assertion_line: 418
expression: "screen(&mut app, 60, 20).backend()"
---
" outlay · 3 on · 1 off                           no changes "
"┌ layout ──────────────────────────────────────────────────┐"
"│                         ┏━━━━━━━━━━━━━━━━━━━━━━━━━━━┓    │"
"│                         ┃                           ┃    │"
"│    ┌────────────────────┨                           ┃    │"
"│    │                    ┃        2 DP-1-2 ★         ┃    │"
"│    │     1 HDMI-1-0     ┃        DELL U2719D        ┃    │"
"│    │    Philips FTV     ▸     2560x1440@143.91      ┃    │"
"│    │  1920x1080@59.94   ┃                           ┃    │"
"│    │                    ┃                           ┃    │"
"│    └────────────────────┺━━━┯━━━━━━━━━━▴━━━━━━━━━┯━━┛    │"
"│                             │                    │       │"
"│                             │      3 eDP-1       │       │"
"│                             │  AUO B156HAN12.H   │       │"
"│                             │  1920x1080@165.01  │       │"
"│                             │                    │       │"
"│                             └────────────────────┘       │"
"└──────────────────────────────────────────────────────────┘"
"                                                  step 10px "
" hjkl focus · HJKL move · s stick · m mode · r rate         "
