---
source: tests/tui.rs
assertion_line: 1410
expression: "screen(&mut app, 100, 30).backend()"
---
" outlay · 3 on · 1 off                                                                   no changes "
"┌ layout ──────────────────────────────────────────────────────────┐┌ 1 eDP-1 ─────────────────────┐"
"│                                                                  ││ Samsung Display Corp.        │"
"│                                                                  ││ ATNA40YK07-1                 │"
"│                                                                  ││ mode  2880x1800@60.00        │"
"│                                                                  ││ pos   2480,1440              │"
"│                            ┌───────────────────────────────────┐ ││ rot   normal                 │"
"│                            │                                   │ ││ scale 200% · 1440x900        │"
"│ ┌──────────────────────────┤                                   │ ││ logical                      │"
"│ │                          │                                   │ ││ vrr   off                    │"
"│ │                          │              2 DP-3               │ ││ link  below 2 DP-3, centre   │"
"│ │        4 HDMI-A-1        │            DELL U2719D            │ ││ size  302x189 mm · 242 dpi   │"
"│ │       PHILIPS FTV        ▸         2560x1440@143.91          │ ││                              │"
"│ │     1920x1080@59.94      │                                   │ ││                              │"
"│ │                          │                                   │ ││                              │"
"│ │                          │                                   │ ││                              │"
"│ └──────────────────────────┴───────┲━━━━━━━━━▴━━━━━━━━━┱───────┘ ││                              │"
"│                                    ┃                   ┃         ││                              │"
"│                                    ┃      1 eDP-1      ┃         ││                              │"
"│                                    ┃Samsung Display Co…┃         ││                              │"
"│                                    ┃2880x1800@60.00 20…┃         ││                              │"
"│                                    ┃                   ┃         ││                              │"
"│                                    ┗━━━━━━━━━━━━━━━━━━━┛         ││                              │"
"│                                                                  ││                              │"
"│                                                                  ││                              │"
"│                                                                  │├ off ─────────────────────────┤"
"│                                                                  ││ 3 DP-4      LG HDR 4K        │"
"└──────────────────────────────────────────────────────────────────┘└──────────────────────────────┘"
"                                                                                          step 10px "
" hjkl focus · HJKL move · s stick · m mode · r rate · o rotate · ␣ on/off · a apply · ? help        "
