---
source: tests/tui.rs
assertion_line: 1417
expression: "screen(&mut app, 100, 30).backend()"
---
" outlay · 3 on · 1 off                                                        ● 1 pending · a apply "
"┌ layout ──────────────────────────────────────────────────────────┐┌ 1 eDP-1 ─────────────────────┐"
"│                                                                  ││ Samsung Display Corp.        │"
"│                                                                  ││ ATNA40YK07-1                 │"
"│                                                                  ││ mode  2880x1800@60.00        │"
"│                            ┌───────────────────────────────────┐ ││ pos   2480,1440 → 2377,1440  │"
"│ ┌ Apply ───────────────────────────────────────────────────────────────────────────────────────┐ │"
"│ │ Changes                                                                                      │ │"
"│ │   eDP-1  pos 2480,1440 → 2377,1440, scale 200% → 175%                                        │ │"
"│ │                                                                                              │ │"
"│ │ Warnings                                                                                     │ │"
"│ │   eDP-1 at 175% is 1645.7x1028.6 px; the compositor rounds it, which can leave a 1 px gap or │ │"
"│ │ overlap.                                                                                     │ │"
"│ │                                                                                              │ │"
"│ │ Command                                                                                      │ │"
"│ │ wlr-randr --output eDP-1 --on --mode 2880x1800@60.001Hz --pos 2377,1440 --transform normal   │ │"
"│ │ --scale 1.75 --output DP-3 --on --mode 2560x1440@143.912Hz --pos 1920,0 --transform normal   │ │"
"│ │ --scale 1 --output DP-4 --off --output HDMI-A-1 --on --mode 1920x1080@59.940Hz --pos 0,360   │ │"
"│ │ --transform normal --scale 1                                                                 │ │"
"│ │                                                                                              │ │"
"│ │ ⏎ apply · Esc cancel                                                                         │ │"
"│ └──────────────────────────────────────────────────────────────────────────────────────────────┘ │"
"│                                  ┃                       ┃       ││                              │"
"│                                  ┗━━━━━━━━━━━━━━━━━━━━━━━┛       ││                              │"
"│                                                                  ││                              │"
"│                                                                  │├ off ─────────────────────────┤"
"│                                                                  ││ 3 DP-4      LG HDR 4K        │"
"└──────────────────────────────────────────────────────────────────┘└──────────────────────────────┘"
" eDP-1 at 175% is 1645.7x1028.6 px; the compositor rounds it, which can leave a 1 px gap  step 10px "
" ⏎ apply · Esc cancel                                                                               "
